// Jest Snapshot v1, https://goo.gl/fbAQLP

exports[`should render search form 1`] = `
<form
  onSubmit={[Function]}
>
  <input
    onChange={[Function]}
    type="search"
    value="test"
  />
  <button
    type="submit"
  >
    search
  </button>
</form>
`;
